2026-08-03 13:58:21 | INFO | Setting up catalog project for: https://wknd.site/us/en.html
2026-08-03 13:58:21 | INFO | Project root: /backups/Pranav-Joshi-Git/capstone-wknd/repo
2026-08-03 13:58:21 | INFO | Creating catalog folder: /backups/Pranav-Joshi-Git/capstone-wknd/repo/catalog
2026-08-03 13:58:21 | INFO | Plugin root: /home/node/.excat-marketplaces/excat-marketplace/excat
2026-08-03 13:58:21 | INFO | Config file created: /backups/Pranav-Joshi-Git/capstone-wknd/repo/catalog/.catalog-config.json
2026-08-03 13:58:21 | INFO | Log file initialized: /backups/Pranav-Joshi-Git/capstone-wknd/repo/catalog/catalog.log
2026-08-03 13:58:21 | INFO | Session initialized: DISCOVERY
2026-08-03 13:58:21 | INFO | Catalog project setup complete
2026-08-03 13:58:21 | INFO | Catalog folder: /backups/Pranav-Joshi-Git/capstone-wknd/repo/catalog
2026-08-03 13:58:21 | INFO | Config file: /backups/Pranav-Joshi-Git/capstone-wknd/repo/catalog/.catalog-config.json
2026-08-03 13:58:21 | INFO | Log file: /backups/Pranav-Joshi-Git/capstone-wknd/repo/catalog/catalog.log
2026-08-03 13:58:21 | INFO | Session: /backups/Pranav-Joshi-Git/capstone-wknd/repo/catalog/.catalog_session (DISCOVERY)
2026-08-03 13:58:32 | INFO | URL discovery prepared
2026-08-03 13:58:43 | INFO | Requested scope: /us/en.html
2026-08-03 13:58:43 | INFO | Redirect (301) → https://wknd.site/us/en.html
2026-08-03 13:58:43 | INFO | Checking root page for sitemap-like links...
2026-08-03 13:58:43 | INFO | Redirect (301) → https://wknd.site/us/en.html
2026-08-03 13:58:44 | INFO | Trying sitemap candidates...
2026-08-03 13:58:44 | INFO | Trying sitemap candidate: https://wknd.site/sitemap.xml
2026-08-03 13:58:44 | WARNING | HTTP status: 404
2026-08-03 13:58:44 | INFO | Trying sitemap candidate: https://wknd.site/sitemap.xml.gz
2026-08-03 13:58:44 | WARNING | HTTP status: 404
2026-08-03 13:58:44 | INFO | Trying sitemap candidate: https://wknd.site/sitemap_index.xml
2026-08-03 13:58:44 | WARNING | HTTP status: 404
2026-08-03 13:58:44 | INFO | Trying sitemap candidate: https://wknd.site/sitemap-index.xml
2026-08-03 13:58:44 | WARNING | HTTP status: 404
2026-08-03 13:58:44 | INFO | Trying sitemap candidate: https://wknd.site/sitemap.txt
2026-08-03 13:58:44 | WARNING | HTTP status: 404
2026-08-03 13:58:44 | INFO | Checking robots.txt for sitemap references...
2026-08-03 13:58:44 | WARNING | HTTP status: 404
2026-08-03 13:58:44 | INFO | Retrying sitemap discovery with alternate root: https://www.wknd.site
2026-08-03 13:58:44 | INFO | Checking root page for sitemap-like links...
2026-08-03 13:58:44 | INFO | Redirect (301) → https://wknd.site/
2026-08-03 13:58:44 | INFO | Redirect (301) → https://wknd.site/us/en.html
2026-08-03 13:58:44 | INFO | Trying sitemap candidates...
2026-08-03 13:58:44 | INFO | Trying sitemap candidate: https://www.wknd.site/sitemap.xml
2026-08-03 13:58:45 | INFO | Redirect (301) → https://wknd.site/sitemap.xml
2026-08-03 13:58:45 | WARNING | HTTP status: 404
2026-08-03 13:58:45 | INFO | Trying sitemap candidate: https://www.wknd.site/sitemap.xml.gz
2026-08-03 13:58:45 | INFO | Redirect (301) → https://wknd.site/sitemap.xml.gz
2026-08-03 13:58:45 | WARNING | HTTP status: 404
2026-08-03 13:58:45 | INFO | Trying sitemap candidate: https://www.wknd.site/sitemap_index.xml
2026-08-03 13:58:45 | INFO | Redirect (301) → https://wknd.site/sitemap_index.xml
2026-08-03 13:58:45 | WARNING | HTTP status: 404
2026-08-03 13:58:45 | INFO | Trying sitemap candidate: https://www.wknd.site/sitemap-index.xml
2026-08-03 13:58:45 | INFO | Redirect (301) → https://wknd.site/sitemap-index.xml
2026-08-03 13:58:45 | WARNING | HTTP status: 404
2026-08-03 13:58:45 | INFO | Trying sitemap candidate: https://www.wknd.site/sitemap.txt
2026-08-03 13:58:45 | INFO | Redirect (301) → https://wknd.site/sitemap.txt
2026-08-03 13:58:45 | WARNING | HTTP status: 404
2026-08-03 13:58:45 | INFO | Checking robots.txt for sitemap references...
2026-08-03 13:58:45 | INFO | Redirect (301) → https://wknd.site/robots.txt
2026-08-03 13:58:45 | WARNING | HTTP status: 404
2026-08-03 13:58:45 | INFO | Fetching sitemap for site root: https://wknd.site
2026-08-03 13:58:46 | ERROR | No sitemap found
2026-08-03 13:58:46 | INFO | Tried standard locations and robots.txt references.
2026-08-03 13:58:46 | WARNING | No sitemap found for https://wknd.site - will need to use crawler fallback
2026-08-03 13:59:00 | INFO | Site crawler starting
2026-08-03 13:59:00 | INFO | Starting crawl: https://wknd.site/us/en.html
2026-08-03 13:59:00 | INFO | Max pages: 4000, Delay: 300ms, Timeout: 15000ms
2026-08-03 13:59:00 | INFO | Max retries per URL: 2
2026-08-03 13:59:00 | INFO | Robots.txt disallow rules found: 0
2026-08-03 13:59:00 | INFO | ✓ 1/4000 | Queue: 30 | ✅ https://wknd.site/us/en.html...
2026-08-03 13:59:01 | INFO | ✓ 2/4000 | Queue: 29 | ✅ https://wknd.site/us/es.html...
2026-08-03 13:59:01 | INFO | ✓ 3/4000 | Queue: 44 | ✅ https://wknd.site/ca/en.html...
2026-08-03 13:59:02 | INFO | ✓ 4/4000 | Queue: 43 | ✅ https://wknd.site/ca/fr.html...
2026-08-03 13:59:03 | INFO | ✓ 5/4000 | Queue: 42 | ✅ https://wknd.site/ch/de.html...
2026-08-03 13:59:03 | INFO | ✓ 6/4000 | Queue: 41 | ✅ https://wknd.site/ch/fr.html...
2026-08-03 13:59:04 | INFO | ✓ 7/4000 | Queue: 40 | ✅ https://wknd.site/ch/it.html...
2026-08-03 13:59:04 | INFO | ✓ 8/4000 | Queue: 39 | ✅ https://wknd.site/de/de.html...
2026-08-03 13:59:04 | INFO | ✓ 9/4000 | Queue: 38 | ✅ https://wknd.site/fr/fr.html...
2026-08-03 13:59:05 | INFO | ✓ 10/4000 | Queue: 37 | ✅ https://wknd.site/es/es.html...
2026-08-03 13:59:06 | INFO | ✓ 11/4000 | Queue: 36 | ✅ https://wknd.site/it/it.html...
2026-08-03 13:59:07 | INFO | ✓ 12/4000 | Queue: 35 | ✅ https://wknd.site/us/en/magazine.html...
2026-08-03 13:59:08 | INFO | ✓ 13/4000 | Queue: 44 | ✅ https://wknd.site/us/en/adventures.html...
2026-08-03 13:59:08 | INFO | ✓ 14/4000 | Queue: 43 | ✅ https://wknd.site/us/en/faqs.html...
2026-08-03 13:59:09 | INFO | ✓ 15/4000 | Queue: 42 | ✅ https://wknd.site/us/en/about-us.html...
2026-08-03 13:59:09 | INFO | ✓ 16/4000 | Queue: 42 | ✅ https://wknd.site/us/en/magazine/san-diego-surf.ht...
2026-08-03 13:59:10 | INFO | ✓ 17/4000 | Queue: 41 | ✅ https://wknd.site/us/en/adventures/downhill-skiing...
2026-08-03 13:59:10 | INFO | ✓ 18/4000 | Queue: 40 | ✅ https://wknd.site/us/en/magazine/western-australia...
2026-08-03 13:59:11 | INFO | ✓ 19/4000 | Queue: 40 | ✅ https://wknd.site/us/en/magazine/guide-la-skatepar...
2026-08-03 13:59:12 | INFO | ✓ 20/4000 | Queue: 39 | ✅ https://wknd.site/us/en/magazine/ski-touring.html...
2026-08-03 13:59:12 | INFO | ✓ 21/4000 | Queue: 38 | ✅ https://wknd.site/us/en/magazine/arctic-surfing.ht...
2026-08-03 13:59:13 | INFO | ✓ 22/4000 | Queue: 37 | ✅ https://wknd.site/us/en/adventures/climbing-new-ze...
2026-08-03 13:59:14 | INFO | ✓ 23/4000 | Queue: 36 | ✅ https://wknd.site/us/en/adventures/yosemite-backpa...
2026-08-03 13:59:14 | INFO | ✓ 24/4000 | Queue: 35 | ✅ https://wknd.site/us/en/adventures/whistler-mounta...
2026-08-03 13:59:15 | INFO | ✓ 25/4000 | Queue: 34 | ✅ https://wknd.site/us/en/adventures/west-coast-cycl...
2026-08-03 13:59:16 | INFO | ✓ 26/4000 | Queue: 33 | ✅ https://wknd.site/us/en/adventures/tahoe-skiing.ht...
2026-08-03 13:59:16 | INFO | ✓ 27/4000 | Queue: 34 | ✅ https://wknd.site/ca/en/magazine.html...
2026-08-03 13:59:17 | INFO | ✓ 28/4000 | Queue: 43 | ✅ https://wknd.site/ca/en/adventures.html...
2026-08-03 13:59:18 | INFO | ✓ 29/4000 | Queue: 42 | ✅ https://wknd.site/ca/en/faqs.html...
2026-08-03 13:59:19 | INFO | ✓ 30/4000 | Queue: 41 | ✅ https://wknd.site/ca/en/about-us.html...
2026-08-03 13:59:19 | INFO | ✓ 31/4000 | Queue: 41 | ✅ https://wknd.site/ca/en/magazine/san-diego-surf.ht...
2026-08-03 13:59:20 | INFO | ✓ 32/4000 | Queue: 40 | ✅ https://wknd.site/ca/en/adventures/downhill-skiing...
2026-08-03 13:59:20 | INFO | ✓ 33/4000 | Queue: 39 | ✅ https://wknd.site/ca/en/magazine/western-australia...
2026-08-03 13:59:21 | INFO | ✓ 34/4000 | Queue: 38 | ✅ https://wknd.site/ca/en/magazine/guide-la-skatepar...
2026-08-03 13:59:21 | INFO | ✓ 35/4000 | Queue: 37 | ✅ https://wknd.site/ca/en/magazine/ski-touring.html...
2026-08-03 13:59:22 | INFO | ✓ 36/4000 | Queue: 36 | ✅ https://wknd.site/ca/en/magazine/arctic-surfing.ht...
2026-08-03 13:59:23 | INFO | ✓ 37/4000 | Queue: 35 | ✅ https://wknd.site/ca/en/adventures/climbing-new-ze...
2026-08-03 13:59:23 | INFO | ✓ 38/4000 | Queue: 34 | ✅ https://wknd.site/ca/en/adventures/yosemite-backpa...
2026-08-03 13:59:24 | INFO | ✓ 39/4000 | Queue: 33 | ✅ https://wknd.site/ca/en/adventures/whistler-mounta...
2026-08-03 13:59:24 | INFO | ✓ 40/4000 | Queue: 32 | ✅ https://wknd.site/ca/en/adventures/west-coast-cycl...
2026-08-03 13:59:25 | INFO | ✓ 41/4000 | Queue: 31 | ✅ https://wknd.site/ca/en/adventures/tahoe-skiing.ht...
2026-08-03 13:59:26 | INFO | ✓ 42/4000 | Queue: 29 | ✅ https://wknd.site/us/en/adventures/bali-surf-camp....
2026-08-03 13:59:26 | INFO | ✓ 43/4000 | Queue: 28 | ✅ https://wknd.site/us/en/adventures/beervana-portla...
2026-08-03 13:59:27 | INFO | ✓ 44/4000 | Queue: 27 | ✅ https://wknd.site/us/en/adventures/colorado-rock-c...
2026-08-03 13:59:27 | INFO | ✓ 45/4000 | Queue: 26 | ✅ https://wknd.site/us/en/adventures/cycling-souther...
2026-08-03 13:59:28 | INFO | ✓ 46/4000 | Queue: 25 | ✅ https://wknd.site/us/en/adventures/cycling-tuscany...
2026-08-03 13:59:28 | INFO | ✓ 47/4000 | Queue: 24 | ✅ https://wknd.site/us/en/adventures/gastronomic-mar...
2026-08-03 13:59:29 | INFO | ✓ 48/4000 | Queue: 23 | ✅ https://wknd.site/us/en/adventures/napa-wine-tasti...
2026-08-03 13:59:30 | INFO | ✓ 49/4000 | Queue: 22 | ✅ https://wknd.site/us/en/adventures/riverside-campi...
2026-08-03 13:59:30 | INFO | ✓ 50/4000 | Queue: 21 | ✅ https://wknd.site/us/en/adventures/ski-touring-mon...
2026-08-03 13:59:31 | INFO | ✓ 51/4000 | Queue: 20 | ✅ https://wknd.site/us/en/adventures/surf-camp-costa...
2026-08-03 13:59:31 | INFO | ✓ 52/4000 | Queue: 18 | ✅ https://wknd.site/content/dam/wknd-shared/en/magaz...
2026-08-03 13:59:32 | INFO | ✓ 53/4000 | Queue: 19 | ✅ https://wknd.site/ca/en/magazine/members-only/alas...
2026-08-03 13:59:33 | INFO | ✓ 54/4000 | Queue: 18 | ✅ https://wknd.site/ca/en/magazine/members-only/fly-...
2026-08-03 13:59:33 | INFO | ✓ 55/4000 | Queue: 17 | ✅ https://wknd.site/ca/en/adventures/bali-surf-camp....
2026-08-03 13:59:34 | INFO | ✓ 56/4000 | Queue: 16 | ✅ https://wknd.site/ca/en/adventures/beervana-portla...
2026-08-03 13:59:34 | INFO | ✓ 57/4000 | Queue: 15 | ✅ https://wknd.site/ca/en/adventures/colorado-rock-c...
2026-08-03 13:59:35 | INFO | ✓ 58/4000 | Queue: 14 | ✅ https://wknd.site/ca/en/adventures/cycling-souther...
2026-08-03 13:59:36 | INFO | ✓ 59/4000 | Queue: 13 | ✅ https://wknd.site/ca/en/adventures/cycling-tuscany...
2026-08-03 13:59:36 | INFO | ✓ 60/4000 | Queue: 12 | ✅ https://wknd.site/ca/en/adventures/gastronomic-mar...
2026-08-03 13:59:37 | INFO | ✓ 61/4000 | Queue: 11 | ✅ https://wknd.site/ca/en/adventures/napa-wine-tasti...
2026-08-03 13:59:37 | INFO | ✓ 62/4000 | Queue: 10 | ✅ https://wknd.site/ca/en/adventures/riverside-campi...
2026-08-03 13:59:38 | INFO | ✓ 63/4000 | Queue: 9 | ✅ https://wknd.site/ca/en/adventures/ski-touring-mon...
2026-08-03 13:59:38 | INFO | ✓ 64/4000 | Queue: 8 | ✅ https://wknd.site/ca/en/adventures/surf-camp-costa...
2026-08-03 13:59:39 | INFO | ✓ 65/4000 | Queue: 7 | ✅ https://wknd.site/ca/en/magazine/members-only.html...
2026-08-03 13:59:39 | INFO | Checkpoint saved: 65 visited, 0 queued
2026-08-03 13:59:39 | INFO | CRAWL COMPLETE
2026-08-03 13:59:39 | INFO | Total URLs discovered: 65
2026-08-03 13:59:39 | INFO | Status breakdown:
2026-08-03 13:59:39 | INFO | ✅ 200 (Success): 65
2026-08-03 14:00:16 | INFO | Agent 1 Completed - Found 25 URLs via crawl (us/en scoped)
2026-08-03 14:01:12 | INFO | Creating sample URLs...
2026-08-03 14:01:12 | INFO | Total URLs in grouped data: 26
2026-08-03 14:01:12 | INFO | Total URLs (26) <= 1000, using ALL URLs
2026-08-03 14:01:12 | INFO | Created urls-sample.json with 26 URLs
2026-08-03 14:01:12 | INFO | Validating urls-sample.json against schema...
✅ VALIDATION PASSED: urls-sample.json matches schema
2026-08-03 14:01:12 | INFO | Schema validation passed
2026-08-03 14:01:12 | INFO | Sample creation complete - urls-sample.json with 26 URLs
2026-08-03 14:01:22 | INFO | Agent 2 Completed - 4 URL groups, created urls-sample.json
2026-08-03 14:01:36 | INFO | Checklist not found, looking for URLs source file...
2026-08-03 14:01:36 | INFO | Validating urls-sample.json against urls-sample.schema.json...
✅ VALIDATION PASSED: urls-sample.json matches schema
2026-08-03 14:01:36 | INFO | Creating checklist from: /backups/Pranav-Joshi-Git/capstone-wknd/repo/catalog/urls-sample.json
2026-08-03 14:01:36 | INFO | Created urls-checklist.json with 26 URLs
2026-08-03 14:01:36 | INFO | Session state: ANALYZING
2026-08-03 14:01:36 | INFO | ================================================================================
2026-08-03 14:01:36 | INFO | BATCH ANALYSIS STARTED
2026-08-03 14:01:36 | INFO | Catalog: /backups/Pranav-Joshi-Git/capstone-wknd/repo/catalog
2026-08-03 14:01:36 | INFO | Delay: 1500ms between requests
2026-08-03 14:01:36 | INFO | Workers: 5
2026-08-03 14:01:36 | INFO | Identity profiles: 13 available (workers cycle through them deterministically)
2026-08-03 14:01:36 | INFO | Scheduling: shared queue; each worker pulls the next pending URL as soon as it finishes.
2026-08-03 14:01:36 | INFO | Adaptive backoff: enabled (bot/WAF detection reduces active workers before aborting)
2026-08-03 14:01:36 | INFO | ================================================================================
2026-08-03 14:01:36 | INFO | Found 26 URLs to process (5 workers)
2026-08-03 14:01:36 | INFO | AGENT_RELAY: Share ETA and PROGRESS/HEARTBEAT lines with the user at least every 60 seconds.
2026-08-03 14:01:36 | INFO | Created .pages directory: /backups/Pranav-Joshi-Git/capstone-wknd/repo/catalog/.pages
2026-08-03 14:01:36 | INFO | Pages to analyze: 26
2026-08-03 14:01:36 | INFO | Processing speed baseline: ~50 pages/minute (5 workers)
2026-08-03 14:01:36 | INFO | Estimated analysis time: ~1 min
2026-08-03 14:01:36 | INFO | Worker 0 started (profile 0: Windows)
2026-08-03 14:01:36 | INFO | Launching stealth browser...
2026-08-03 14:01:37 | INFO | [1/26] Processing: https://wknd.site/us/en.html
2026-08-03 14:01:37 | INFO | Generated slug: wknd_site_us_en_html--c76865e0
2026-08-03 14:01:37 | INFO | Starting analysis: https://wknd.site/us/en.html -> /backups/Pranav-Joshi-Git/capstone-wknd/repo/catalog/.pages/wknd_site_us_en_html--c76865e0
2026-08-03 14:01:37 | INFO | Loading: https://wknd.site/us/en.html
2026-08-03 14:01:38 | INFO | Worker 1 started (profile 1: Windows)
2026-08-03 14:01:38 | INFO | Launching stealth browser...
2026-08-03 14:01:38 | INFO | [2/26] Processing: https://wknd.site/us/en/magazine.html
2026-08-03 14:01:38 | INFO | Generated slug: wknd_site_us_en_magazine_html--17b58a0b
2026-08-03 14:01:38 | INFO | Starting analysis: https://wknd.site/us/en/magazine.html -> /backups/Pranav-Joshi-Git/capstone-wknd/repo/catalog/.pages/wknd_site_us_en_magazine_html--17b58a0b
2026-08-03 14:01:38 | INFO | Loading: https://wknd.site/us/en/magazine.html
2026-08-03 14:01:39 | INFO | Worker 2 started (profile 2: Windows)
2026-08-03 14:01:39 | INFO | Launching stealth browser...
2026-08-03 14:01:39 | INFO | [3/26] Processing: https://wknd.site/us/en/adventures.html
2026-08-03 14:01:39 | INFO | Generated slug: wknd_site_us_en_adventures_html--6fbce216
2026-08-03 14:01:39 | INFO | Starting analysis: https://wknd.site/us/en/adventures.html -> /backups/Pranav-Joshi-Git/capstone-wknd/repo/catalog/.pages/wknd_site_us_en_adventures_html--6fbce216
2026-08-03 14:01:39 | INFO | Loading: https://wknd.site/us/en/adventures.html
2026-08-03 14:01:40 | INFO | Phase 0A: Triggering lazy-loaded content...
2026-08-03 14:01:40 | INFO | Phase 0A: Triggering lazy-loaded content...
2026-08-03 14:01:41 | INFO | Worker 3 started (profile 3: Windows)
2026-08-03 14:01:41 | INFO | Launching stealth browser...
2026-08-03 14:01:41 | INFO | [4/26] Processing: https://wknd.site/us/en/faqs.html
2026-08-03 14:01:41 | INFO | Generated slug: wknd_site_us_en_faqs_html--1afb5043
2026-08-03 14:01:41 | INFO | Starting analysis: https://wknd.site/us/en/faqs.html -> /backups/Pranav-Joshi-Git/capstone-wknd/repo/catalog/.pages/wknd_site_us_en_faqs_html--1afb5043
2026-08-03 14:01:41 | INFO | Loading: https://wknd.site/us/en/faqs.html
2026-08-03 14:01:41 | INFO | Lazy-load scroll complete
2026-08-03 14:01:41 | INFO | Phase 0B: Cleaning up overlays...
2026-08-03 14:01:42 | INFO | Phase 0A: Triggering lazy-loaded content...
2026-08-03 14:01:42 | INFO | Lazy-load scroll complete
2026-08-03 14:01:42 | INFO | Phase 0B: Cleaning up overlays...
2026-08-03 14:01:42 | INFO | Removed 0 elements: none
📐 Detecting header/footer for this page...
2026-08-03 14:01:42 | INFO | Worker 4 started (profile 4: macOS)
2026-08-03 14:01:42 | INFO | Launching stealth browser...
2026-08-03 14:01:42 | INFO | [5/26] Processing: https://wknd.site/us/en/about-us.html
2026-08-03 14:01:42 | INFO | Generated slug: wknd_site_us_en_about-us_html--c258e453
2026-08-03 14:01:42 | INFO | Starting analysis: https://wknd.site/us/en/about-us.html -> /backups/Pranav-Joshi-Git/capstone-wknd/repo/catalog/.pages/wknd_site_us_en_about-us_html--c258e453
2026-08-03 14:01:43 | INFO | Loading: https://wknd.site/us/en/about-us.html
   ✅ Saved global header: header.experiencefragment.cmp-experiencefragment--header
   ✅ Saved global footer: footer.experiencefragment.cmp-experiencefragment--footer
2026-08-03 14:01:43 | INFO | Header: advanced complexity, 8 features
2026-08-03 14:01:43 | INFO | Footer: simple complexity, 2 features
2026-08-03 14:01:43 | INFO | Phase 2: Identifying main content area...
2026-08-03 14:01:43 | INFO | Main content: #container-fb3b036f33 > div:nth-child(1) > main:nth-child(2)
2026-08-03 14:01:43 | INFO | Removed 0 elements: none
📐 Detecting header/footer for this page...
2026-08-03 14:01:43 | INFO | Template - Reused saved header selector on current page
2026-08-03 14:01:43 | INFO | Template - Reused saved footer selector on current page
2026-08-03 14:01:43 | INFO | Header: advanced complexity, 8 features
2026-08-03 14:01:43 | INFO | Footer: simple complexity, 2 features
2026-08-03 14:01:43 | INFO | Phase 2: Identifying main content area...
2026-08-03 14:01:43 | INFO | Main content: main.container.responsivegrid
2026-08-03 14:01:43 | INFO | Phase 3: Detecting blocks...
2026-08-03 14:01:43 | INFO | Phase 4: Capturing block screenshots...
2026-08-03 14:01:43 | INFO | Phase 3: Detecting blocks...
2026-08-03 14:01:43 | WARNING | Blocks - 50% of blocks are unknown - site uses non-EDS patterns
2026-08-03 14:01:43 | INFO | Phase 4: Capturing block screenshots...
2026-08-03 14:01:43 | INFO | Phase 0A: Triggering lazy-loaded content...
2026-08-03 14:01:43 | INFO | Lazy-load scroll complete
2026-08-03 14:01:43 | INFO | Phase 0B: Cleaning up overlays...
2026-08-03 14:01:44 | INFO | Captured 4 block screenshots
2026-08-03 14:01:44 | INFO | Detected 4 blocks
2026-08-03 14:01:44 | INFO | Generating fingerprints for template discovery...
2026-08-03 14:01:44 | INFO | Removed 0 elements: none
📐 Detecting header/footer for this page...
2026-08-03 14:01:44 | INFO | Template - Reused saved header selector on current page
2026-08-03 14:01:44 | INFO | Template - Reused saved footer selector on current page
2026-08-03 14:01:44 | INFO | Header: advanced complexity, 8 features
2026-08-03 14:01:44 | INFO | Footer: simple complexity, 2 features
2026-08-03 14:01:44 | INFO | Phase 2: Identifying main content area...
2026-08-03 14:01:44 | INFO | Main content: #container-fb3b036f33 > div:nth-child(1) > main:nth-child(2)
2026-08-03 14:01:44 | INFO | Captured 7 block screenshots
2026-08-03 14:01:44 | INFO | Detected 7 blocks
2026-08-03 14:01:44 | INFO | Generating fingerprints for template discovery...
2026-08-03 14:01:44 | INFO | Phase 3: Detecting blocks...
2026-08-03 14:01:44 | INFO | Phase 4: Capturing block screenshots...
2026-08-03 14:01:45 | INFO | Lazy-load scroll complete
2026-08-03 14:01:45 | INFO | Phase 0B: Cleaning up overlays...
2026-08-03 14:01:45 | INFO | Phase 0A: Triggering lazy-loaded content...
2026-08-03 14:01:45 | INFO | Captured 2 block screenshots
2026-08-03 14:01:45 | INFO | Detected 2 blocks
2026-08-03 14:01:45 | INFO | Generating fingerprints for template discovery...
2026-08-03 14:01:46 | INFO | Removed 0 elements: none
📐 Detecting header/footer for this page...
2026-08-03 14:01:46 | INFO | Template - Reused saved header selector on current page
2026-08-03 14:01:46 | INFO | Template - Reused saved footer selector on current page
2026-08-03 14:01:46 | INFO | Header: advanced complexity, 8 features
2026-08-03 14:01:46 | INFO | Footer: simple complexity, 2 features
2026-08-03 14:01:46 | INFO | Phase 2: Identifying main content area...
2026-08-03 14:01:46 | INFO | Main content: main.container.responsivegrid
2026-08-03 14:01:46 | INFO | Phase 3: Detecting blocks...
2026-08-03 14:01:46 | INFO | Phase 4: Capturing block screenshots...
2026-08-03 14:01:46 | INFO |    Top-section: 4 rows via title+container
2026-08-03 14:01:46 | INFO |    Body start: y=325 (start row 13 via below-title+container)
2026-08-03 14:01:46 | INFO | URL Pattern: /us/en/magazine.html
2026-08-03 14:01:46 | INFO | Page catalog complete: /backups/Pranav-Joshi-Git/capstone-wknd/repo/catalog/.pages/wknd_site_us_en_magazine_html--17b58a0b/page-catalog.json
2026-08-03 14:01:46 | INFO | Lazy-load scroll complete
2026-08-03 14:01:46 | INFO | Phase 0B: Cleaning up overlays...
2026-08-03 14:01:46 | INFO | SUCCESS: https://wknd.site/us/en/magazine.html
2026-08-03 14:01:46 | INFO | Created header-global metadata (selector: header.experiencefragment.cmp-experiencefragment--header)
2026-08-03 14:01:46 | INFO | Created footer-global metadata (selector: footer.experiencefragment.cmp-experiencefragment--footer)
2026-08-03 14:01:47 | INFO | Captured 2 block screenshots
2026-08-03 14:01:47 | INFO | Detected 2 blocks
2026-08-03 14:01:47 | INFO | Generating fingerprints for template discovery...
2026-08-03 14:01:47 | INFO |    Top-section: 27 rows via hero
2026-08-03 14:01:47 | INFO |    Body start: y=862 (start row 34 via below-hero)
2026-08-03 14:01:47 | INFO | URL Pattern: /us/en.html
2026-08-03 14:01:47 | INFO | Page catalog complete: /backups/Pranav-Joshi-Git/capstone-wknd/repo/catalog/.pages/wknd_site_us_en_html--c76865e0/page-catalog.json
2026-08-03 14:01:47 | INFO | SUCCESS: https://wknd.site/us/en.html
2026-08-03 14:01:47 | INFO | Removed 0 elements: none
📐 Detecting header/footer for this page...
2026-08-03 14:01:47 | INFO | Template - Reused saved header selector on current page
2026-08-03 14:01:47 | INFO | Template - Reused saved footer selector on current page
2026-08-03 14:01:47 | INFO | Header: advanced complexity, 8 features
2026-08-03 14:01:47 | INFO | Footer: simple complexity, 2 features
2026-08-03 14:01:47 | INFO | Phase 2: Identifying main content area...
2026-08-03 14:01:47 | INFO | Main content: main.container.responsivegrid
2026-08-03 14:01:47 | INFO | Phase 3: Detecting blocks...
2026-08-03 14:01:47 | INFO | Phase 4: Capturing block screenshots...
2026-08-03 14:01:48 | INFO |    Top-section: 12 rows via title+container
2026-08-03 14:01:48 | INFO |    Body start: y=300 (start row 12 via below-title+container)
2026-08-03 14:01:48 | INFO | URL Pattern: /us/en/adventures.html
2026-08-03 14:01:48 | INFO | Page catalog complete: /backups/Pranav-Joshi-Git/capstone-wknd/repo/catalog/.pages/wknd_site_us_en_adventures_html--6fbce216/page-catalog.json
2026-08-03 14:01:48 | INFO | SUCCESS: https://wknd.site/us/en/adventures.html
2026-08-03 14:01:48 | INFO | [6/26] Processing: https://wknd.site/us/en/adventures/downhill-skiing-wyoming.html
2026-08-03 14:01:48 | INFO | Generated slug: wknd_site_us_en_adventures_downhill-skiing-wyoming_html--2bfaf893
2026-08-03 14:01:48 | INFO | Starting analysis: https://wknd.site/us/en/adventures/downhill-skiing-wyoming.html -> /backups/Pranav-Joshi-Git/capstone-wknd/repo/catalog/.pages/wknd_site_us_en_adventures_downhill-skiing-wyoming_html--2bfaf893
2026-08-03 14:01:48 | INFO | Loading: https://wknd.site/us/en/adventures/downhill-skiing-wyoming.html
2026-08-03 14:01:48 | INFO | [7/26] Processing: https://wknd.site/us/en/adventures/climbing-new-zealand.html
2026-08-03 14:01:48 | INFO | Generated slug: wknd_site_us_en_adventures_climbing-new-zealand_html--9caa0a92
2026-08-03 14:01:48 | INFO | Starting analysis: https://wknd.site/us/en/adventures/climbing-new-zealand.html -> /backups/Pranav-Joshi-Git/capstone-wknd/repo/catalog/.pages/wknd_site_us_en_adventures_climbing-new-zealand_html--9caa0a92
2026-08-03 14:01:48 | INFO | Loading: https://wknd.site/us/en/adventures/climbing-new-zealand.html
2026-08-03 14:01:49 | INFO | Captured 7 block screenshots
2026-08-03 14:01:49 | INFO | Detected 7 blocks
2026-08-03 14:01:49 | INFO | Generating fingerprints for template discovery...
2026-08-03 14:01:49 | INFO |    Top-section: 24 rows via title+hero
2026-08-03 14:01:49 | INFO |    Body start: y=825 (start row 33 via below-title+hero)
2026-08-03 14:01:49 | INFO | URL Pattern: /us/en/faqs.html
2026-08-03 14:01:49 | INFO | Page catalog complete: /backups/Pranav-Joshi-Git/capstone-wknd/repo/catalog/.pages/wknd_site_us_en_faqs_html--1afb5043/page-catalog.json
2026-08-03 14:01:49 | INFO | SUCCESS: https://wknd.site/us/en/faqs.html
2026-08-03 14:01:49 | INFO | [8/26] Processing: https://wknd.site/us/en/adventures/yosemite-backpacking.html
2026-08-03 14:01:49 | INFO | Generated slug: wknd_site_us_en_adventures_yosemite-backpacking_html--1f18735b
2026-08-03 14:01:49 | INFO | Starting analysis: https://wknd.site/us/en/adventures/yosemite-backpacking.html -> /backups/Pranav-Joshi-Git/capstone-wknd/repo/catalog/.pages/wknd_site_us_en_adventures_yosemite-backpacking_html--1f18735b
2026-08-03 14:01:49 | INFO | Loading: https://wknd.site/us/en/adventures/yosemite-backpacking.html
2026-08-03 14:01:50 | INFO | [9/26] Processing: https://wknd.site/us/en/adventures/whistler-mountain-biking.html
2026-08-03 14:01:50 | INFO | Generated slug: wknd_site_us_en_adventures_whistler-mountain-biking_html--4a38866b
2026-08-03 14:01:50 | INFO | Starting analysis: https://wknd.site/us/en/adventures/whistler-mountain-biking.html -> /backups/Pranav-Joshi-Git/capstone-wknd/repo/catalog/.pages/wknd_site_us_en_adventures_whistler-mountain-biking_html--4a38866b
2026-08-03 14:01:50 | INFO | Phase 0A: Triggering lazy-loaded content...
2026-08-03 14:01:50 | INFO | Loading: https://wknd.site/us/en/adventures/whistler-mountain-biking.html
2026-08-03 14:01:51 | INFO | Phase 0A: Triggering lazy-loaded content...
2026-08-03 14:01:51 | INFO |    Top-section: 4 rows via title+container
2026-08-03 14:01:51 | INFO |    Body start: y=325 (start row 13 via below-title+container)
2026-08-03 14:01:51 | INFO | URL Pattern: /us/en/about-us.html
2026-08-03 14:01:51 | INFO | Page catalog complete: /backups/Pranav-Joshi-Git/capstone-wknd/repo/catalog/.pages/wknd_site_us_en_about-us_html--c258e453/page-catalog.json
2026-08-03 14:01:51 | INFO | SUCCESS: https://wknd.site/us/en/about-us.html
2026-08-03 14:01:51 | INFO | PROGRESS: 5/26 analyzed (19% checklist complete) | 5 ok, 0 failed, 0 skipped | ~2 min remaining
2026-08-03 14:01:52 | INFO | Phase 0A: Triggering lazy-loaded content...
2026-08-03 14:01:52 | INFO | Lazy-load scroll complete
2026-08-03 14:01:52 | INFO | Phase 0B: Cleaning up overlays...
2026-08-03 14:01:52 | INFO | Lazy-load scroll complete
2026-08-03 14:01:52 | INFO | Phase 0B: Cleaning up overlays...
2026-08-03 14:01:53 | INFO | Removed 0 elements: none
📐 Detecting header/footer for this page...
2026-08-03 14:01:53 | INFO | [10/26] Processing: https://wknd.site/us/en/adventures/west-coast-cycling.html
2026-08-03 14:01:53 | INFO | Generated slug: wknd_site_us_en_adventures_west-coast-cycling_html--f4ac7a72
2026-08-03 14:01:53 | INFO | Starting analysis: https://wknd.site/us/en/adventures/west-coast-cycling.html -> /backups/Pranav-Joshi-Git/capstone-wknd/repo/catalog/.pages/wknd_site_us_en_adventures_west-coast-cycling_html--f4ac7a72
2026-08-03 14:01:53 | INFO | Template - Reused saved header selector on current page
2026-08-03 14:01:53 | INFO | Template - Reused saved footer selector on current page
2026-08-03 14:01:53 | INFO | Header: advanced complexity, 8 features
2026-08-03 14:01:53 | INFO | Footer: simple complexity, 2 features
2026-08-03 14:01:53 | INFO | Phase 2: Identifying main content area...
2026-08-03 14:01:53 | INFO | Main content: #container-4f7b2640b6 > div:nth-child(1) > main:nth-child(2)
2026-08-03 14:01:53 | INFO | Loading: https://wknd.site/us/en/adventures/west-coast-cycling.html
2026-08-03 14:01:53 | INFO | Phase 3: Detecting blocks...
2026-08-03 14:01:53 | INFO | Phase 4: Capturing block screenshots...
2026-08-03 14:01:53 | INFO | Phase 0A: Triggering lazy-loaded content...
2026-08-03 14:01:53 | INFO | Lazy-load scroll complete
2026-08-03 14:01:53 | INFO | Phase 0B: Cleaning up overlays...
2026-08-03 14:01:53 | INFO | Removed 0 elements: none
📐 Detecting header/footer for this page...
2026-08-03 14:01:53 | INFO | Template - Reused saved header selector on current page
2026-08-03 14:01:53 | INFO | Template - Reused saved footer selector on current page
2026-08-03 14:01:53 | INFO | Header: advanced complexity, 8 features
2026-08-03 14:01:53 | INFO | Footer: simple complexity, 2 features
2026-08-03 14:01:53 | INFO | Phase 2: Identifying main content area...
2026-08-03 14:01:53 | INFO | Main content: #container-4f7b2640b6 > div:nth-child(1) > main:nth-child(2)
2026-08-03 14:01:53 | INFO | Phase 3: Detecting blocks...
2026-08-03 14:01:53 | INFO | Phase 4: Capturing block screenshots...
2026-08-03 14:01:54 | INFO | Captured 3 block screenshots
2026-08-03 14:01:54 | INFO | Detected 3 blocks
2026-08-03 14:01:54 | INFO | Generating fingerprints for template discovery...
2026-08-03 14:01:54 | INFO | Removed 0 elements: none
📐 Detecting header/footer for this page...
2026-08-03 14:01:54 | INFO | Template - Reused saved header selector on current page
2026-08-03 14:01:54 | INFO | Template - Reused saved footer selector on current page
2026-08-03 14:01:54 | INFO | Header: advanced complexity, 8 features
2026-08-03 14:01:54 | INFO | Footer: simple complexity, 2 features
2026-08-03 14:01:54 | INFO | Phase 2: Identifying main content area...
2026-08-03 14:01:54 | INFO | Main content: #container-4f7b2640b6 > div:nth-child(1) > main:nth-child(2)
2026-08-03 14:01:54 | INFO | Phase 3: Detecting blocks...
2026-08-03 14:01:54 | INFO | Phase 4: Capturing block screenshots...
2026-08-03 14:01:54 | INFO | Captured 3 block screenshots
2026-08-03 14:01:54 | INFO | Detected 3 blocks
2026-08-03 14:01:54 | INFO | Generating fingerprints for template discovery...
2026-08-03 14:01:55 | INFO | Lazy-load scroll complete
2026-08-03 14:01:55 | INFO | Phase 0B: Cleaning up overlays...
2026-08-03 14:01:55 | INFO | Phase 0A: Triggering lazy-loaded content...
2026-08-03 14:01:55 | INFO | Captured 3 block screenshots
2026-08-03 14:01:55 | INFO | Detected 3 blocks
2026-08-03 14:01:55 | INFO | Generating fingerprints for template discovery...
2026-08-03 14:01:55 | INFO | Removed 0 elements: none
📐 Detecting header/footer for this page...
2026-08-03 14:01:55 | INFO | Template - Reused saved header selector on current page
2026-08-03 14:01:55 | INFO | Template - Reused saved footer selector on current page
2026-08-03 14:01:55 | INFO | Header: advanced complexity, 8 features
2026-08-03 14:01:55 | INFO | Footer: simple complexity, 2 features
2026-08-03 14:01:55 | INFO | Phase 2: Identifying main content area...
2026-08-03 14:01:55 | INFO | Main content: #container-4f7b2640b6 > div:nth-child(1) > main:nth-child(2)
2026-08-03 14:01:55 | INFO | Phase 3: Detecting blocks...
2026-08-03 14:01:56 | INFO | Phase 4: Capturing block screenshots...
2026-08-03 14:01:56 | INFO |    Top-section: 19 rows via hero
2026-08-03 14:01:56 | INFO |    Body start: y=675 (start row 27 via below-hero)
2026-08-03 14:01:56 | INFO | URL Pattern: /us/en/adventures/downhill-skiing-wyoming.html
2026-08-03 14:01:56 | INFO | Page catalog complete: /backups/Pranav-Joshi-Git/capstone-wknd/repo/catalog/.pages/wknd_site_us_en_adventures_downhill-skiing-wyoming_html--2bfaf893/page-catalog.json
2026-08-03 14:01:56 | INFO | SUCCESS: https://wknd.site/us/en/adventures/downhill-skiing-wyoming.html
2026-08-03 14:01:56 | INFO | Lazy-load scroll complete
2026-08-03 14:01:56 | INFO | Phase 0B: Cleaning up overlays...
2026-08-03 14:01:57 | INFO | Captured 3 block screenshots
2026-08-03 14:01:57 | INFO | Detected 3 blocks
2026-08-03 14:01:57 | INFO | Generating fingerprints for template discovery...
2026-08-03 14:01:57 | INFO |    Top-section: 19 rows via hero
2026-08-03 14:01:57 | INFO |    Body start: y=675 (start row 27 via below-hero)
2026-08-03 14:01:57 | INFO | URL Pattern: /us/en/adventures/climbing-new-zealand.html
2026-08-03 14:01:57 | INFO | Page catalog complete: /backups/Pranav-Joshi-Git/capstone-wknd/repo/catalog/.pages/wknd_site_us_en_adventures_climbing-new-zealand_html--9caa0a92/page-catalog.json
2026-08-03 14:01:57 | INFO | SUCCESS: https://wknd.site/us/en/adventures/climbing-new-zealand.html
2026-08-03 14:01:57 | INFO | Removed 0 elements: none
📐 Detecting header/footer for this page...
2026-08-03 14:01:57 | INFO | Template - Reused saved header selector on current page
2026-08-03 14:01:57 | INFO | Template - Reused saved footer selector on current page
2026-08-03 14:01:57 | INFO | Header: advanced complexity, 8 features
2026-08-03 14:01:57 | INFO | Footer: simple complexity, 2 features
2026-08-03 14:01:57 | INFO | Phase 2: Identifying main content area...
2026-08-03 14:01:57 | INFO | Main content: #container-4f7b2640b6 > div:nth-child(1) > main:nth-child(2)
2026-08-03 14:01:57 | INFO |    Top-section: 19 rows via hero
2026-08-03 14:01:57 | INFO |    Body start: y=675 (start row 27 via below-hero)
2026-08-03 14:01:57 | INFO | URL Pattern: /us/en/adventures/yosemite-backpacking.html
2026-08-03 14:01:57 | INFO | Page catalog complete: /backups/Pranav-Joshi-Git/capstone-wknd/repo/catalog/.pages/wknd_site_us_en_adventures_yosemite-backpacking_html--1f18735b/page-catalog.json
2026-08-03 14:01:57 | INFO | Phase 3: Detecting blocks...
2026-08-03 14:01:57 | INFO | SUCCESS: https://wknd.site/us/en/adventures/yosemite-backpacking.html
2026-08-03 14:01:57 | INFO | Phase 4: Capturing block screenshots...
2026-08-03 14:01:58 | INFO | [11/26] Processing: https://wknd.site/us/en/adventures/tahoe-skiing.html
2026-08-03 14:01:58 | INFO | Generated slug: wknd_site_us_en_adventures_tahoe-skiing_html--6b8fe4b0
2026-08-03 14:01:58 | INFO | Starting analysis: https://wknd.site/us/en/adventures/tahoe-skiing.html -> /backups/Pranav-Joshi-Git/capstone-wknd/repo/catalog/.pages/wknd_site_us_en_adventures_tahoe-skiing_html--6b8fe4b0
2026-08-03 14:01:58 | INFO | Loading: https://wknd.site/us/en/adventures/tahoe-skiing.html
2026-08-03 14:01:58 | INFO | [12/26] Processing: https://wknd.site/us/en/adventures/bali-surf-camp.html
2026-08-03 14:01:58 | INFO | Generated slug: wknd_site_us_en_adventures_bali-surf-camp_html--2e38a9c1
2026-08-03 14:01:58 | INFO | Starting analysis: https://wknd.site/us/en/adventures/bali-surf-camp.html -> /backups/Pranav-Joshi-Git/capstone-wknd/repo/catalog/.pages/wknd_site_us_en_adventures_bali-surf-camp_html--2e38a9c1
2026-08-03 14:01:58 | INFO | Captured 3 block screenshots
2026-08-03 14:01:58 | INFO | Detected 3 blocks
2026-08-03 14:01:58 | INFO | Generating fingerprints for template discovery...
2026-08-03 14:01:58 | INFO | Loading: https://wknd.site/us/en/adventures/bali-surf-camp.html
2026-08-03 14:01:59 | INFO | [13/26] Processing: https://wknd.site/us/en/adventures/beervana-portland.html
2026-08-03 14:01:59 | INFO | Generated slug: wknd_site_us_en_adventures_beervana-portland_html--0539e503
2026-08-03 14:01:59 | INFO | Starting analysis: https://wknd.site/us/en/adventures/beervana-portland.html -> /backups/Pranav-Joshi-Git/capstone-wknd/repo/catalog/.pages/wknd_site_us_en_adventures_beervana-portland_html--0539e503
2026-08-03 14:01:59 | INFO |    Top-section: 19 rows via hero
2026-08-03 14:01:59 | INFO |    Body start: y=675 (start row 27 via below-hero)
2026-08-03 14:01:59 | INFO | URL Pattern: /us/en/adventures/whistler-mountain-biking.html
2026-08-03 14:01:59 | INFO | Page catalog complete: /backups/Pranav-Joshi-Git/capstone-wknd/repo/catalog/.pages/wknd_site_us_en_adventures_whistler-mountain-biking_html--4a38866b/page-catalog.json
2026-08-03 14:01:59 | INFO | Loading: https://wknd.site/us/en/adventures/beervana-portland.html
2026-08-03 14:01:59 | INFO | SUCCESS: https://wknd.site/us/en/adventures/whistler-mountain-biking.html
2026-08-03 14:02:00 | INFO | Phase 0A: Triggering lazy-loaded content...
2026-08-03 14:02:00 | INFO | [14/26] Processing: https://wknd.site/us/en/adventures/colorado-rock-climbing.html
2026-08-03 14:02:01 | INFO | Generated slug: wknd_site_us_en_adventures_colorado-rock-climbing_html--f78265a4
2026-08-03 14:02:01 | INFO | Starting analysis: https://wknd.site/us/en/adventures/colorado-rock-climbing.html -> /backups/Pranav-Joshi-Git/capstone-wknd/repo/catalog/.pages/wknd_site_us_en_adventures_colorado-rock-climbing_html--f78265a4
2026-08-03 14:02:01 | INFO | Phase 0A: Triggering lazy-loaded content...
2026-08-03 14:02:01 | INFO | Loading: https://wknd.site/us/en/adventures/colorado-rock-climbing.html
2026-08-03 14:02:01 | INFO |    Top-section: 19 rows via hero
2026-08-03 14:02:01 | INFO |    Body start: y=675 (start row 27 via below-hero)
2026-08-03 14:02:01 | INFO | URL Pattern: /us/en/adventures/west-coast-cycling.html
2026-08-03 14:02:01 | INFO | Page catalog complete: /backups/Pranav-Joshi-Git/capstone-wknd/repo/catalog/.pages/wknd_site_us_en_adventures_west-coast-cycling_html--f4ac7a72/page-catalog.json
2026-08-03 14:02:01 | INFO | SUCCESS: https://wknd.site/us/en/adventures/west-coast-cycling.html
2026-08-03 14:02:01 | INFO | PROGRESS: 10/26 analyzed (38% checklist complete) | 10 ok, 0 failed, 0 skipped | ~1 min remaining
2026-08-03 14:02:01 | INFO | Phase 0A: Triggering lazy-loaded content...
2026-08-03 14:02:02 | INFO | Lazy-load scroll complete
2026-08-03 14:02:02 | INFO | Phase 0B: Cleaning up overlays...
2026-08-03 14:02:02 | INFO | Lazy-load scroll complete
2026-08-03 14:02:02 | INFO | Phase 0B: Cleaning up overlays...
2026-08-03 14:02:02 | INFO | [15/26] Processing: https://wknd.site/us/en/adventures/cycling-southern-utah.html
2026-08-03 14:02:02 | INFO | Generated slug: wknd_site_us_en_adventures_cycling-southern-utah_html--8648ab5a
2026-08-03 14:02:02 | INFO | Starting analysis: https://wknd.site/us/en/adventures/cycling-southern-utah.html -> /backups/Pranav-Joshi-Git/capstone-wknd/repo/catalog/.pages/wknd_site_us_en_adventures_cycling-southern-utah_html--8648ab5a
2026-08-03 14:02:02 | INFO | Removed 0 elements: none
📐 Detecting header/footer for this page...
2026-08-03 14:02:02 | INFO | Loading: https://wknd.site/us/en/adventures/cycling-southern-utah.html
2026-08-03 14:02:02 | INFO | Template - Reused saved header selector on current page
2026-08-03 14:02:02 | INFO | Template - Reused saved footer selector on current page
2026-08-03 14:02:02 | INFO | Header: advanced complexity, 8 features
2026-08-03 14:02:02 | INFO | Footer: simple complexity, 2 features
2026-08-03 14:02:02 | INFO | Phase 2: Identifying main content area...
2026-08-03 14:02:02 | INFO | Main content: #container-4f7b2640b6 > div:nth-child(1) > main:nth-child(2)
2026-08-03 14:02:02 | INFO | Phase 3: Detecting blocks...
2026-08-03 14:02:02 | INFO | Phase 4: Capturing block screenshots...
2026-08-03 14:02:03 | INFO | Removed 0 elements: none
📐 Detecting header/footer for this page...
2026-08-03 14:02:03 | INFO | Phase 0A: Triggering lazy-loaded content...
2026-08-03 14:02:03 | INFO | Lazy-load scroll complete
2026-08-03 14:02:03 | INFO | Phase 0B: Cleaning up overlays...
2026-08-03 14:02:03 | INFO | Template - Reused saved header selector on current page
2026-08-03 14:02:03 | INFO | Template - Reused saved footer selector on current page
2026-08-03 14:02:03 | INFO | Header: advanced complexity, 8 features
2026-08-03 14:02:03 | INFO | Footer: simple complexity, 2 features
2026-08-03 14:02:03 | INFO | Phase 2: Identifying main content area...
2026-08-03 14:02:03 | INFO | Main content: #container-4f7b2640b6 > div:nth-child(1) > main:nth-child(2)
2026-08-03 14:02:03 | INFO | Phase 3: Detecting blocks...
2026-08-03 14:02:03 | INFO | Phase 4: Capturing block screenshots...
2026-08-03 14:02:03 | INFO | Captured 3 block screenshots
2026-08-03 14:02:03 | INFO | Detected 3 blocks
2026-08-03 14:02:03 | INFO | Generating fingerprints for template discovery...
2026-08-03 14:02:04 | INFO | Removed 0 elements: none
📐 Detecting header/footer for this page...
2026-08-03 14:02:04 | INFO | Template - Reused saved header selector on current page
2026-08-03 14:02:04 | INFO | Template - Reused saved footer selector on current page
2026-08-03 14:02:04 | INFO | Header: advanced complexity, 8 features
2026-08-03 14:02:04 | INFO | Footer: simple complexity, 2 features
2026-08-03 14:02:04 | INFO | Phase 2: Identifying main content area...
2026-08-03 14:02:04 | INFO | Main content: #container-4f7b2640b6 > div:nth-child(1) > main:nth-child(2)
2026-08-03 14:02:04 | INFO | Phase 3: Detecting blocks...
2026-08-03 14:02:04 | INFO | Phase 4: Capturing block screenshots...
2026-08-03 14:02:04 | INFO | Captured 3 block screenshots
2026-08-03 14:02:04 | INFO | Detected 3 blocks
2026-08-03 14:02:04 | INFO | Generating fingerprints for template discovery...
2026-08-03 14:02:04 | INFO | Lazy-load scroll complete
2026-08-03 14:02:04 | INFO | Phase 0B: Cleaning up overlays...
2026-08-03 14:02:04 | INFO | Phase 0A: Triggering lazy-loaded content...
2026-08-03 14:02:05 | INFO | Captured 3 block screenshots
2026-08-03 14:02:05 | INFO | Detected 3 blocks
2026-08-03 14:02:05 | INFO | Generating fingerprints for template discovery...
2026-08-03 14:02:05 | INFO | Removed 0 elements: none
📐 Detecting header/footer for this page...
2026-08-03 14:02:05 | INFO | Template - Reused saved header selector on current page
2026-08-03 14:02:05 | INFO | Template - Reused saved footer selector on current page
2026-08-03 14:02:05 | INFO | Header: advanced complexity, 8 features
2026-08-03 14:02:05 | INFO | Footer: simple complexity, 2 features
2026-08-03 14:02:05 | INFO | Phase 2: Identifying main content area...
2026-08-03 14:02:05 | INFO | Main content: #container-4f7b2640b6 > div:nth-child(1) > main:nth-child(2)
2026-08-03 14:02:05 | INFO | Phase 3: Detecting blocks...
2026-08-03 14:02:05 | INFO | Phase 4: Capturing block screenshots...
2026-08-03 14:02:06 | INFO |    Top-section: 19 rows via hero
2026-08-03 14:02:06 | INFO |    Body start: y=675 (start row 27 via below-hero)
2026-08-03 14:02:06 | INFO | URL Pattern: /us/en/adventures/tahoe-skiing.html
2026-08-03 14:02:06 | INFO | Page catalog complete: /backups/Pranav-Joshi-Git/capstone-wknd/repo/catalog/.pages/wknd_site_us_en_adventures_tahoe-skiing_html--6b8fe4b0/page-catalog.json
2026-08-03 14:02:06 | INFO | SUCCESS: https://wknd.site/us/en/adventures/tahoe-skiing.html
2026-08-03 14:02:06 | INFO | Lazy-load scroll complete
2026-08-03 14:02:06 | INFO | Phase 0B: Cleaning up overlays...
2026-08-03 14:02:06 | INFO |    Top-section: 19 rows via hero
2026-08-03 14:02:06 | INFO |    Body start: y=675 (start row 27 via below-hero)
2026-08-03 14:02:06 | INFO | URL Pattern: /us/en/adventures/bali-surf-camp.html
2026-08-03 14:02:06 | INFO | Page catalog complete: /backups/Pranav-Joshi-Git/capstone-wknd/repo/catalog/.pages/wknd_site_us_en_adventures_bali-surf-camp_html--2e38a9c1/page-catalog.json
2026-08-03 14:02:06 | INFO | Captured 3 block screenshots
2026-08-03 14:02:06 | INFO | Detected 3 blocks
2026-08-03 14:02:06 | INFO | Generating fingerprints for template discovery...
2026-08-03 14:02:06 | INFO | SUCCESS: https://wknd.site/us/en/adventures/bali-surf-camp.html
2026-08-03 14:02:07 | INFO | Removed 0 elements: none
📐 Detecting header/footer for this page...
2026-08-03 14:02:07 | INFO | Template - Reused saved header selector on current page
2026-08-03 14:02:07 | INFO | Template - Reused saved footer selector on current page
2026-08-03 14:02:07 | INFO | Header: advanced complexity, 8 features
2026-08-03 14:02:07 | INFO | Footer: simple complexity, 2 features
2026-08-03 14:02:07 | INFO | Phase 2: Identifying main content area...
2026-08-03 14:02:07 | INFO | Main content: #container-4f7b2640b6 > div:nth-child(1) > main:nth-child(2)
2026-08-03 14:02:07 | INFO | Phase 3: Detecting blocks...
2026-08-03 14:02:07 | INFO | Phase 4: Capturing block screenshots...
2026-08-03 14:02:07 | INFO |    Top-section: 19 rows via hero
2026-08-03 14:02:07 | INFO |    Body start: y=675 (start row 27 via below-hero)
2026-08-03 14:02:07 | INFO | URL Pattern: /us/en/adventures/beervana-portland.html
2026-08-03 14:02:07 | INFO | Page catalog complete: /backups/Pranav-Joshi-Git/capstone-wknd/repo/catalog/.pages/wknd_site_us_en_adventures_beervana-portland_html--0539e503/page-catalog.json
2026-08-03 14:02:07 | INFO | SUCCESS: https://wknd.site/us/en/adventures/beervana-portland.html
2026-08-03 14:02:07 | INFO | [16/26] Processing: https://wknd.site/us/en/adventures/cycling-tuscany.html
2026-08-03 14:02:07 | INFO | Generated slug: wknd_site_us_en_adventures_cycling-tuscany_html--09782ca4
2026-08-03 14:02:07 | INFO | Starting analysis: https://wknd.site/us/en/adventures/cycling-tuscany.html -> /backups/Pranav-Joshi-Git/capstone-wknd/repo/catalog/.pages/wknd_site_us_en_adventures_cycling-tuscany_html--09782ca4
2026-08-03 14:02:07 | INFO | Loading: https://wknd.site/us/en/adventures/cycling-tuscany.html
2026-08-03 14:02:08 | INFO | Captured 3 block screenshots
2026-08-03 14:02:08 | INFO | Detected 3 blocks
2026-08-03 14:02:08 | INFO | Generating fingerprints for template discovery...
2026-08-03 14:02:08 | INFO | [17/26] Processing: https://wknd.site/us/en/adventures/gastronomic-marais-tour.html
2026-08-03 14:02:08 | INFO | Generated slug: wknd_site_us_en_adventures_gastronomic-marais-tour_html--850c7841
2026-08-03 14:02:08 | INFO | Starting analysis: https://wknd.site/us/en/adventures/gastronomic-marais-tour.html -> /backups/Pranav-Joshi-Git/capstone-wknd/repo/catalog/.pages/wknd_site_us_en_adventures_gastronomic-marais-tour_html--850c7841
2026-08-03 14:02:08 | INFO | Loading: https://wknd.site/us/en/adventures/gastronomic-marais-tour.html
2026-08-03 14:02:09 | INFO | [18/26] Processing: https://wknd.site/us/en/adventures/napa-wine-tasting.html
2026-08-03 14:02:09 | INFO | Generated slug: wknd_site_us_en_adventures_napa-wine-tasting_html--a2e48fd5
2026-08-03 14:02:09 | INFO | Starting analysis: https://wknd.site/us/en/adventures/napa-wine-tasting.html -> /backups/Pranav-Joshi-Git/capstone-wknd/repo/catalog/.pages/wknd_site_us_en_adventures_napa-wine-tasting_html--a2e48fd5
2026-08-03 14:02:09 | INFO | Loading: https://wknd.site/us/en/adventures/napa-wine-tasting.html
2026-08-03 14:02:09 | INFO |    Top-section: 19 rows via hero
2026-08-03 14:02:09 | INFO |    Body start: y=675 (start row 27 via below-hero)
2026-08-03 14:02:09 | INFO | URL Pattern: /us/en/adventures/colorado-rock-climbing.html
2026-08-03 14:02:09 | INFO | Page catalog complete: /backups/Pranav-Joshi-Git/capstone-wknd/repo/catalog/.pages/wknd_site_us_en_adventures_colorado-rock-climbing_html--f78265a4/page-catalog.json
2026-08-03 14:02:09 | INFO | SUCCESS: https://wknd.site/us/en/adventures/colorado-rock-climbing.html
2026-08-03 14:02:10 | INFO | Phase 0A: Triggering lazy-loaded content...
2026-08-03 14:02:10 | INFO |    Top-section: 19 rows via hero
2026-08-03 14:02:10 | INFO |    Body start: y=675 (start row 27 via below-hero)
2026-08-03 14:02:10 | INFO | URL Pattern: /us/en/adventures/cycling-southern-utah.html
2026-08-03 14:02:10 | INFO | Page catalog complete: /backups/Pranav-Joshi-Git/capstone-wknd/repo/catalog/.pages/wknd_site_us_en_adventures_cycling-southern-utah_html--8648ab5a/page-catalog.json
2026-08-03 14:02:10 | INFO | SUCCESS: https://wknd.site/us/en/adventures/cycling-southern-utah.html
2026-08-03 14:02:10 | INFO | PROGRESS: 15/26 analyzed (58% checklist complete) | 15 ok, 0 failed, 0 skipped | ~1 min remaining
2026-08-03 14:02:10 | INFO | [19/26] Processing: https://wknd.site/us/en/adventures/riverside-camping-australia.html
2026-08-03 14:02:10 | INFO | Generated slug: wknd_site_us_en_adventures_riverside-camping-australia_html--68edd41a
2026-08-03 14:02:10 | INFO | Starting analysis: https://wknd.site/us/en/adventures/riverside-camping-australia.html -> /backups/Pranav-Joshi-Git/capstone-wknd/repo/catalog/.pages/wknd_site_us_en_adventures_riverside-camping-australia_html--68edd41a
2026-08-03 14:02:10 | INFO | Loading: https://wknd.site/us/en/adventures/riverside-camping-australia.html
2026-08-03 14:02:10 | INFO | Phase 0A: Triggering lazy-loaded content...
2026-08-03 14:02:11 | INFO | Phase 0A: Triggering lazy-loaded content...
2026-08-03 14:02:11 | INFO | Lazy-load scroll complete
2026-08-03 14:02:11 | INFO | Phase 0B: Cleaning up overlays...
2026-08-03 14:02:12 | INFO | [20/26] Processing: https://wknd.site/us/en/adventures/ski-touring-mont-blanc.html
2026-08-03 14:02:12 | INFO | Generated slug: wknd_site_us_en_adventures_ski-touring-mont-blanc_html--ef585c81
2026-08-03 14:02:12 | INFO | Starting analysis: https://wknd.site/us/en/adventures/ski-touring-mont-blanc.html -> /backups/Pranav-Joshi-Git/capstone-wknd/repo/catalog/.pages/wknd_site_us_en_adventures_ski-touring-mont-blanc_html--ef585c81
2026-08-03 14:02:12 | INFO | Loading: https://wknd.site/us/en/adventures/ski-touring-mont-blanc.html
2026-08-03 14:02:12 | INFO | Lazy-load scroll complete
2026-08-03 14:02:12 | INFO | Phase 0B: Cleaning up overlays...
2026-08-03 14:02:12 | INFO | Removed 0 elements: none
📐 Detecting header/footer for this page...
2026-08-03 14:02:12 | INFO | Template - Reused saved header selector on current page
2026-08-03 14:02:12 | INFO | Template - Reused saved footer selector on current page
2026-08-03 14:02:12 | INFO | Header: advanced complexity, 8 features
2026-08-03 14:02:12 | INFO | Footer: simple complexity, 2 features
2026-08-03 14:02:12 | INFO | Phase 2: Identifying main content area...
2026-08-03 14:02:12 | INFO | Main content: #container-4f7b2640b6 > div:nth-child(1) > main:nth-child(2)
2026-08-03 14:02:12 | INFO | Phase 3: Detecting blocks...
2026-08-03 14:02:12 | INFO | Phase 4: Capturing block screenshots...
2026-08-03 14:02:12 | INFO | Lazy-load scroll complete
2026-08-03 14:02:13 | INFO | Phase 0B: Cleaning up overlays...
2026-08-03 14:02:13 | INFO | Phase 0A: Triggering lazy-loaded content...
2026-08-03 14:02:13 | INFO | Removed 0 elements: none
📐 Detecting header/footer for this page...
2026-08-03 14:02:13 | INFO | Template - Reused saved header selector on current page
2026-08-03 14:02:13 | INFO | Template - Reused saved footer selector on current page
2026-08-03 14:02:13 | INFO | Header: advanced complexity, 8 features
2026-08-03 14:02:13 | INFO | Footer: simple complexity, 2 features
2026-08-03 14:02:13 | INFO | Phase 2: Identifying main content area...
2026-08-03 14:02:13 | INFO | Main content: #container-4f7b2640b6 > div:nth-child(1) > main:nth-child(2)
2026-08-03 14:02:13 | INFO | Phase 3: Detecting blocks...
2026-08-03 14:02:13 | INFO | Phase 4: Capturing block screenshots...
2026-08-03 14:02:13 | INFO | Captured 3 block screenshots
2026-08-03 14:02:13 | INFO | Detected 3 blocks
2026-08-03 14:02:13 | INFO | Generating fingerprints for template discovery...
2026-08-03 14:02:13 | INFO | Removed 0 elements: none
📐 Detecting header/footer for this page...
2026-08-03 14:02:13 | INFO | Template - Reused saved header selector on current page
2026-08-03 14:02:13 | INFO | Template - Reused saved footer selector on current page
2026-08-03 14:02:13 | INFO | Header: advanced complexity, 8 features
2026-08-03 14:02:13 | INFO | Footer: simple complexity, 2 features
2026-08-03 14:02:13 | INFO | Phase 2: Identifying main content area...
2026-08-03 14:02:13 | INFO | Main content: #container-4f7b2640b6 > div:nth-child(1) > main:nth-child(2)
2026-08-03 14:02:13 | INFO | Phase 3: Detecting blocks...
2026-08-03 14:02:13 | INFO | Phase 4: Capturing block screenshots...
2026-08-03 14:02:14 | INFO | Captured 3 block screenshots
2026-08-03 14:02:14 | INFO | Detected 3 blocks
2026-08-03 14:02:14 | INFO | Generating fingerprints for template discovery...
2026-08-03 14:02:14 | INFO | Phase 0A: Triggering lazy-loaded content...
2026-08-03 14:02:14 | INFO | Lazy-load scroll complete
2026-08-03 14:02:14 | INFO | Phase 0B: Cleaning up overlays...
2026-08-03 14:02:14 | INFO | Captured 3 block screenshots
2026-08-03 14:02:14 | INFO | Detected 3 blocks
2026-08-03 14:02:14 | INFO | Generating fingerprints for template discovery...
2026-08-03 14:02:15 | INFO | Removed 0 elements: none
📐 Detecting header/footer for this page...
2026-08-03 14:02:15 | INFO | Template - Reused saved header selector on current page
2026-08-03 14:02:15 | INFO | Template - Reused saved footer selector on current page
2026-08-03 14:02:15 | INFO | Header: advanced complexity, 8 features
2026-08-03 14:02:15 | INFO | Footer: simple complexity, 2 features
2026-08-03 14:02:15 | INFO | Phase 2: Identifying main content area...
2026-08-03 14:02:15 | INFO | Main content: #container-4f7b2640b6 > div:nth-child(1) > main:nth-child(2)
2026-08-03 14:02:15 | INFO | Phase 3: Detecting blocks...
2026-08-03 14:02:15 | INFO | Phase 4: Capturing block screenshots...
2026-08-03 14:02:15 | INFO |    Top-section: 19 rows via hero
2026-08-03 14:02:15 | INFO |    Body start: y=675 (start row 27 via below-hero)
2026-08-03 14:02:15 | INFO | URL Pattern: /us/en/adventures/cycling-tuscany.html
2026-08-03 14:02:16 | INFO | Page catalog complete: /backups/Pranav-Joshi-Git/capstone-wknd/repo/catalog/.pages/wknd_site_us_en_adventures_cycling-tuscany_html--09782ca4/page-catalog.json
2026-08-03 14:02:16 | INFO | SUCCESS: https://wknd.site/us/en/adventures/cycling-tuscany.html
2026-08-03 14:02:16 | INFO | Lazy-load scroll complete
2026-08-03 14:02:16 | INFO | Phase 0B: Cleaning up overlays...
2026-08-03 14:02:16 | INFO | Captured 3 block screenshots
2026-08-03 14:02:16 | INFO | Detected 3 blocks
2026-08-03 14:02:16 | INFO | Generating fingerprints for template discovery...
2026-08-03 14:02:16 | INFO |    Top-section: 19 rows via hero
2026-08-03 14:02:16 | INFO |    Body start: y=675 (start row 27 via below-hero)
2026-08-03 14:02:16 | INFO | URL Pattern: /us/en/adventures/gastronomic-marais-tour.html
2026-08-03 14:02:16 | INFO | Page catalog complete: /backups/Pranav-Joshi-Git/capstone-wknd/repo/catalog/.pages/wknd_site_us_en_adventures_gastronomic-marais-tour_html--850c7841/page-catalog.json
2026-08-03 14:02:16 | INFO | SUCCESS: https://wknd.site/us/en/adventures/gastronomic-marais-tour.html
2026-08-03 14:02:16 | INFO | Removed 0 elements: none
📐 Detecting header/footer for this page...
2026-08-03 14:02:16 | INFO | Template - Reused saved header selector on current page
2026-08-03 14:02:16 | INFO | Template - Reused saved footer selector on current page
2026-08-03 14:02:16 | INFO | Header: advanced complexity, 8 features
2026-08-03 14:02:16 | INFO | Footer: simple complexity, 2 features
2026-08-03 14:02:16 | INFO | Phase 2: Identifying main content area...
2026-08-03 14:02:16 | INFO | Main content: #container-4f7b2640b6 > div:nth-child(1) > main:nth-child(2)
2026-08-03 14:02:17 | INFO | Phase 3: Detecting blocks...
2026-08-03 14:02:17 | INFO | Phase 4: Capturing block screenshots...
2026-08-03 14:02:17 | INFO |    Top-section: 19 rows via hero
2026-08-03 14:02:17 | INFO |    Body start: y=675 (start row 27 via below-hero)
2026-08-03 14:02:17 | INFO | URL Pattern: /us/en/adventures/napa-wine-tasting.html
2026-08-03 14:02:17 | INFO | Page catalog complete: /backups/Pranav-Joshi-Git/capstone-wknd/repo/catalog/.pages/wknd_site_us_en_adventures_napa-wine-tasting_html--a2e48fd5/page-catalog.json
2026-08-03 14:02:17 | INFO | SUCCESS: https://wknd.site/us/en/adventures/napa-wine-tasting.html
2026-08-03 14:02:17 | INFO | [21/26] Processing: https://wknd.site/us/en/adventures/surf-camp-costa-rica.html
2026-08-03 14:02:17 | INFO | Generated slug: wknd_site_us_en_adventures_surf-camp-costa-rica_html--de076791
2026-08-03 14:02:17 | INFO | Starting analysis: https://wknd.site/us/en/adventures/surf-camp-costa-rica.html -> /backups/Pranav-Joshi-Git/capstone-wknd/repo/catalog/.pages/wknd_site_us_en_adventures_surf-camp-costa-rica_html--de076791
2026-08-03 14:02:17 | INFO | Loading: https://wknd.site/us/en/adventures/surf-camp-costa-rica.html
2026-08-03 14:02:18 | INFO | Captured 3 block screenshots
2026-08-03 14:02:18 | INFO | Detected 3 blocks
2026-08-03 14:02:18 | INFO | Generating fingerprints for template discovery...
2026-08-03 14:02:18 | INFO | [22/26] Processing: https://wknd.site/us/en/magazine/san-diego-surf.html
2026-08-03 14:02:18 | INFO | Generated slug: wknd_site_us_en_magazine_san-diego-surf_html--efb2a09c
2026-08-03 14:02:18 | INFO | Starting analysis: https://wknd.site/us/en/magazine/san-diego-surf.html -> /backups/Pranav-Joshi-Git/capstone-wknd/repo/catalog/.pages/wknd_site_us_en_magazine_san-diego-surf_html--efb2a09c
2026-08-03 14:02:18 | INFO | Loading: https://wknd.site/us/en/magazine/san-diego-surf.html
2026-08-03 14:02:18 | INFO |    Top-section: 19 rows via hero
2026-08-03 14:02:18 | INFO |    Body start: y=675 (start row 27 via below-hero)
2026-08-03 14:02:18 | INFO | URL Pattern: /us/en/adventures/riverside-camping-australia.html
2026-08-03 14:02:18 | INFO | Page catalog complete: /backups/Pranav-Joshi-Git/capstone-wknd/repo/catalog/.pages/wknd_site_us_en_adventures_riverside-camping-australia_html--68edd41a/page-catalog.json
2026-08-03 14:02:18 | INFO | [23/26] Processing: https://wknd.site/us/en/magazine/western-australia.html
2026-08-03 14:02:18 | INFO | Generated slug: wknd_site_us_en_magazine_western-australia_html--77a25244
2026-08-03 14:02:18 | INFO | Starting analysis: https://wknd.site/us/en/magazine/western-australia.html -> /backups/Pranav-Joshi-Git/capstone-wknd/repo/catalog/.pages/wknd_site_us_en_magazine_western-australia_html--77a25244
2026-08-03 14:02:18 | INFO | SUCCESS: https://wknd.site/us/en/adventures/riverside-camping-australia.html
2026-08-03 14:02:18 | INFO | Loading: https://wknd.site/us/en/magazine/western-australia.html
2026-08-03 14:02:20 | INFO | Phase 0A: Triggering lazy-loaded content...
2026-08-03 14:02:20 | INFO | [24/26] Processing: https://wknd.site/us/en/magazine/guide-la-skateparks.html
2026-08-03 14:02:20 | INFO | Generated slug: wknd_site_us_en_magazine_guide-la-skateparks_html--d457f548
2026-08-03 14:02:20 | INFO | Starting analysis: https://wknd.site/us/en/magazine/guide-la-skateparks.html -> /backups/Pranav-Joshi-Git/capstone-wknd/repo/catalog/.pages/wknd_site_us_en_magazine_guide-la-skateparks_html--d457f548
2026-08-03 14:02:20 | INFO | Loading: https://wknd.site/us/en/magazine/guide-la-skateparks.html
2026-08-03 14:02:20 | INFO | Phase 0A: Triggering lazy-loaded content...
2026-08-03 14:02:20 | INFO |    Top-section: 19 rows via hero
2026-08-03 14:02:20 | INFO |    Body start: y=675 (start row 27 via below-hero)
2026-08-03 14:02:20 | INFO | URL Pattern: /us/en/adventures/ski-touring-mont-blanc.html
2026-08-03 14:02:20 | INFO | Page catalog complete: /backups/Pranav-Joshi-Git/capstone-wknd/repo/catalog/.pages/wknd_site_us_en_adventures_ski-touring-mont-blanc_html--ef585c81/page-catalog.json
2026-08-03 14:02:20 | INFO | SUCCESS: https://wknd.site/us/en/adventures/ski-touring-mont-blanc.html
2026-08-03 14:02:20 | INFO | PROGRESS: 20/26 analyzed (77% checklist complete) | 20 ok, 0 failed, 0 skipped | ~1 min remaining
2026-08-03 14:02:21 | INFO | Phase 0A: Triggering lazy-loaded content...
2026-08-03 14:02:21 | INFO | Lazy-load scroll complete
2026-08-03 14:02:21 | INFO | Phase 0B: Cleaning up overlays...
2026-08-03 14:02:21 | INFO | [25/26] Processing: https://wknd.site/us/en/magazine/ski-touring.html
2026-08-03 14:02:21 | INFO | Generated slug: wknd_site_us_en_magazine_ski-touring_html--b1aaea2d
2026-08-03 14:02:21 | INFO | Starting analysis: https://wknd.site/us/en/magazine/ski-touring.html -> /backups/Pranav-Joshi-Git/capstone-wknd/repo/catalog/.pages/wknd_site_us_en_magazine_ski-touring_html--b1aaea2d
2026-08-03 14:02:22 | INFO | Loading: https://wknd.site/us/en/magazine/ski-touring.html
2026-08-03 14:02:22 | INFO | Removed 0 elements: none
📐 Detecting header/footer for this page...
2026-08-03 14:02:22 | INFO | Template - Reused saved header selector on current page
2026-08-03 14:02:22 | INFO | Template - Reused saved footer selector on current page
2026-08-03 14:02:22 | INFO | Header: advanced complexity, 8 features
2026-08-03 14:02:22 | INFO | Footer: simple complexity, 2 features
2026-08-03 14:02:22 | INFO | Phase 2: Identifying main content area...
2026-08-03 14:02:22 | INFO | Main content: #container-4f7b2640b6 > div:nth-child(1) > main:nth-child(2)
2026-08-03 14:02:22 | INFO | Phase 3: Detecting blocks...
2026-08-03 14:02:22 | INFO | Phase 4: Capturing block screenshots...
2026-08-03 14:02:22 | INFO | Phase 0A: Triggering lazy-loaded content...
2026-08-03 14:02:22 | INFO | Lazy-load scroll complete
2026-08-03 14:02:22 | INFO | Phase 0B: Cleaning up overlays...
2026-08-03 14:02:23 | INFO | Removed 0 elements: none
📐 Detecting header/footer for this page...
2026-08-03 14:02:23 | INFO | Template - Reused saved header selector on current page
2026-08-03 14:02:23 | INFO | Template - Reused saved footer selector on current page
2026-08-03 14:02:23 | INFO | Header: advanced complexity, 8 features
2026-08-03 14:02:23 | INFO | Footer: simple complexity, 2 features
2026-08-03 14:02:23 | INFO | Phase 2: Identifying main content area...
2026-08-03 14:02:23 | INFO | Main content: #container-aefbe18800 > div:nth-child(1) > main:nth-child(2)
2026-08-03 14:02:23 | INFO | Captured 3 block screenshots
2026-08-03 14:02:23 | INFO | Detected 3 blocks
2026-08-03 14:02:23 | INFO | Generating fingerprints for template discovery...
2026-08-03 14:02:23 | INFO | Phase 3: Detecting blocks...
2026-08-03 14:02:23 | WARNING | Blocks - 71% of blocks are unknown - site uses non-EDS patterns
2026-08-03 14:02:23 | INFO | Phase 4: Capturing block screenshots...
2026-08-03 14:02:23 | INFO | Lazy-load scroll complete
2026-08-03 14:02:23 | INFO | Phase 0B: Cleaning up overlays...
2026-08-03 14:02:24 | INFO | Phase 0A: Triggering lazy-loaded content...
2026-08-03 14:02:24 | INFO | Removed 0 elements: none
📐 Detecting header/footer for this page...
2026-08-03 14:02:24 | INFO | Template - Reused saved header selector on current page
2026-08-03 14:02:24 | INFO | Template - Reused saved footer selector on current page
2026-08-03 14:02:24 | INFO | Header: advanced complexity, 8 features
2026-08-03 14:02:24 | INFO | Footer: simple complexity, 2 features
2026-08-03 14:02:24 | INFO | Phase 2: Identifying main content area...
2026-08-03 14:02:24 | INFO | Main content: #container-aefbe18800 > div:nth-child(1) > main:nth-child(2)
2026-08-03 14:02:24 | INFO | Phase 3: Detecting blocks...
2026-08-03 14:02:24 | WARNING | Blocks - 67% of blocks are unknown - site uses non-EDS patterns
2026-08-03 14:02:24 | INFO | Phase 4: Capturing block screenshots...
2026-08-03 14:02:24 | INFO | Lazy-load scroll complete
2026-08-03 14:02:24 | INFO | Phase 0B: Cleaning up overlays...
2026-08-03 14:02:24 | INFO | Captured 7 block screenshots
2026-08-03 14:02:24 | INFO | Detected 7 blocks
2026-08-03 14:02:24 | INFO | Generating fingerprints for template discovery...
2026-08-03 14:02:25 | INFO | Removed 0 elements: none
📐 Detecting header/footer for this page...
2026-08-03 14:02:25 | INFO | Template - Reused saved header selector on current page
2026-08-03 14:02:25 | INFO | Template - Reused saved footer selector on current page
2026-08-03 14:02:25 | INFO | Header: advanced complexity, 8 features
2026-08-03 14:02:25 | INFO | Footer: simple complexity, 2 features
2026-08-03 14:02:25 | INFO | Phase 2: Identifying main content area...
2026-08-03 14:02:25 | INFO | Main content: #container-aefbe18800 > div:nth-child(1) > main:nth-child(2)
2026-08-03 14:02:25 | INFO | Phase 3: Detecting blocks...
2026-08-03 14:02:25 | WARNING | Blocks - 60% of blocks are unknown - site uses non-EDS patterns
2026-08-03 14:02:25 | INFO | Phase 4: Capturing block screenshots...
2026-08-03 14:02:25 | INFO |    Top-section: 19 rows via hero
2026-08-03 14:02:25 | INFO |    Body start: y=675 (start row 27 via below-hero)
2026-08-03 14:02:25 | INFO | URL Pattern: /us/en/adventures/surf-camp-costa-rica.html
2026-08-03 14:02:25 | INFO | Page catalog complete: /backups/Pranav-Joshi-Git/capstone-wknd/repo/catalog/.pages/wknd_site_us_en_adventures_surf-camp-costa-rica_html--de076791/page-catalog.json
2026-08-03 14:02:25 | INFO | SUCCESS: https://wknd.site/us/en/adventures/surf-camp-costa-rica.html
2026-08-03 14:02:25 | INFO | Captured 6 block screenshots
2026-08-03 14:02:25 | INFO | Detected 6 blocks
2026-08-03 14:02:25 | INFO | Generating fingerprints for template discovery...
2026-08-03 14:02:26 | INFO | Lazy-load scroll complete
2026-08-03 14:02:26 | INFO | Phase 0B: Cleaning up overlays...
2026-08-03 14:02:27 | INFO | Captured 5 block screenshots
2026-08-03 14:02:27 | INFO | Detected 5 blocks
2026-08-03 14:02:27 | INFO | Generating fingerprints for template discovery...
2026-08-03 14:02:27 | INFO | Removed 0 elements: none
📐 Detecting header/footer for this page...
2026-08-03 14:02:27 | INFO | [26/26] Processing: https://wknd.site/us/en/magazine/arctic-surfing.html
2026-08-03 14:02:27 | INFO | Generated slug: wknd_site_us_en_magazine_arctic-surfing_html--7ce71719
2026-08-03 14:02:27 | INFO | Starting analysis: https://wknd.site/us/en/magazine/arctic-surfing.html -> /backups/Pranav-Joshi-Git/capstone-wknd/repo/catalog/.pages/wknd_site_us_en_magazine_arctic-surfing_html--7ce71719
2026-08-03 14:02:27 | INFO |    Top-section: 29 rows via hero
2026-08-03 14:02:27 | INFO |    Body start: y=925 (start row 37 via below-hero)
2026-08-03 14:02:27 | INFO | URL Pattern: /us/en/magazine/san-diego-surf.html
2026-08-03 14:02:27 | INFO | Page catalog complete: /backups/Pranav-Joshi-Git/capstone-wknd/repo/catalog/.pages/wknd_site_us_en_magazine_san-diego-surf_html--efb2a09c/page-catalog.json
2026-08-03 14:02:27 | INFO | Template - Reused saved header selector on current page
2026-08-03 14:02:27 | INFO | SUCCESS: https://wknd.site/us/en/magazine/san-diego-surf.html
2026-08-03 14:02:27 | INFO | Template - Reused saved footer selector on current page
2026-08-03 14:02:27 | INFO | Header: advanced complexity, 8 features
2026-08-03 14:02:27 | INFO | Footer: simple complexity, 2 features
2026-08-03 14:02:27 | INFO | Phase 2: Identifying main content area...
2026-08-03 14:02:27 | INFO | Main content: #container-aefbe18800 > div:nth-child(1) > main:nth-child(2)
2026-08-03 14:02:27 | INFO | Loading: https://wknd.site/us/en/magazine/arctic-surfing.html
2026-08-03 14:02:27 | INFO | Phase 3: Detecting blocks...
2026-08-03 14:02:27 | WARNING | Blocks - 57% of blocks are unknown - site uses non-EDS patterns
2026-08-03 14:02:27 | INFO | Phase 4: Capturing block screenshots...
2026-08-03 14:02:28 | INFO |    Top-section: 26 rows via hero
2026-08-03 14:02:28 | INFO |    Body start: y=850 (start row 34 via below-hero)
2026-08-03 14:02:28 | INFO | URL Pattern: /us/en/magazine/western-australia.html
2026-08-03 14:02:28 | INFO | Page catalog complete: /backups/Pranav-Joshi-Git/capstone-wknd/repo/catalog/.pages/wknd_site_us_en_magazine_western-australia_html--77a25244/page-catalog.json
2026-08-03 14:02:28 | INFO | SUCCESS: https://wknd.site/us/en/magazine/western-australia.html
2026-08-03 14:02:29 | INFO | Worker 0 finished
2026-08-03 14:02:29 | INFO | Captured 7 block screenshots
2026-08-03 14:02:29 | INFO | Detected 7 blocks
2026-08-03 14:02:29 | INFO | Generating fingerprints for template discovery...
2026-08-03 14:02:29 | INFO |    Top-section: 26 rows via hero
2026-08-03 14:02:29 | INFO |    Body start: y=850 (start row 34 via below-hero)
2026-08-03 14:02:29 | INFO | URL Pattern: /us/en/magazine/guide-la-skateparks.html
2026-08-03 14:02:29 | INFO | Page catalog complete: /backups/Pranav-Joshi-Git/capstone-wknd/repo/catalog/.pages/wknd_site_us_en_magazine_guide-la-skateparks_html--d457f548/page-catalog.json
2026-08-03 14:02:29 | INFO | SUCCESS: https://wknd.site/us/en/magazine/guide-la-skateparks.html
2026-08-03 14:02:29 | INFO | Phase 0A: Triggering lazy-loaded content...
2026-08-03 14:02:30 | INFO | Worker 2 finished
2026-08-03 14:02:31 | INFO | Worker 3 finished
2026-08-03 14:02:31 | INFO |    Top-section: 31 rows via hero
2026-08-03 14:02:31 | INFO |    Body start: y=975 (start row 39 via below-hero)
2026-08-03 14:02:31 | INFO | URL Pattern: /us/en/magazine/ski-touring.html
2026-08-03 14:02:31 | INFO | Page catalog complete: /backups/Pranav-Joshi-Git/capstone-wknd/repo/catalog/.pages/wknd_site_us_en_magazine_ski-touring_html--b1aaea2d/page-catalog.json
2026-08-03 14:02:31 | INFO | SUCCESS: https://wknd.site/us/en/magazine/ski-touring.html
2026-08-03 14:02:31 | INFO | PROGRESS: 25/26 analyzed (96% checklist complete) | 25 ok, 0 failed, 0 skipped | ~1 min remaining
2026-08-03 14:02:32 | INFO | Lazy-load scroll complete
2026-08-03 14:02:32 | INFO | Phase 0B: Cleaning up overlays...
2026-08-03 14:02:33 | INFO | Removed 0 elements: none
📐 Detecting header/footer for this page...
2026-08-03 14:02:33 | INFO | Template - Reused saved header selector on current page
2026-08-03 14:02:33 | INFO | Template - Reused saved footer selector on current page
2026-08-03 14:02:33 | INFO | Header: advanced complexity, 8 features
2026-08-03 14:02:33 | INFO | Footer: simple complexity, 2 features
2026-08-03 14:02:33 | INFO | Phase 2: Identifying main content area...
2026-08-03 14:02:33 | INFO | Main content: #container-aefbe18800 > div:nth-child(1) > main:nth-child(2)
2026-08-03 14:02:33 | INFO | Phase 3: Detecting blocks...
2026-08-03 14:02:33 | WARNING | Blocks - 50% of blocks are unknown - site uses non-EDS patterns
2026-08-03 14:02:33 | INFO | Phase 4: Capturing block screenshots...
2026-08-03 14:02:33 | INFO | Worker 4 finished
2026-08-03 14:02:34 | INFO | Captured 6 block screenshots
2026-08-03 14:02:34 | INFO | Detected 6 blocks
2026-08-03 14:02:34 | INFO | Generating fingerprints for template discovery...
2026-08-03 14:02:37 | INFO |    Top-section: 29 rows via hero
2026-08-03 14:02:37 | INFO |    Body start: y=925 (start row 37 via below-hero)
2026-08-03 14:02:37 | INFO | URL Pattern: /us/en/magazine/arctic-surfing.html
2026-08-03 14:02:37 | INFO | Page catalog complete: /backups/Pranav-Joshi-Git/capstone-wknd/repo/catalog/.pages/wknd_site_us_en_magazine_arctic-surfing_html--7ce71719/page-catalog.json
2026-08-03 14:02:37 | INFO | SUCCESS: https://wknd.site/us/en/magazine/arctic-surfing.html
2026-08-03 14:02:37 | INFO | PROGRESS: 26/26 analyzed (100% checklist complete) | 26 ok, 0 failed, 0 skipped | ~0 min remaining
2026-08-03 14:02:37 | INFO | Worker 1 finished
2026-08-03 14:02:37 | INFO | PROGRESS: 26/26 analyzed (100% checklist complete) | 26 ok, 0 failed, 0 skipped | ~0 min remaining
2026-08-03 14:02:37 | INFO | ================================================================================
2026-08-03 14:02:37 | INFO | BATCH ANALYSIS COMPLETED
2026-08-03 14:02:37 | INFO | ================================================================================
2026-08-03 14:02:37 | INFO | Total URLs: 26
2026-08-03 14:02:37 | INFO | Attempt successes: 26
2026-08-03 14:02:37 | INFO | Attempt failures: 0
2026-08-03 14:02:37 | INFO | Skipped: 0
2026-08-03 14:02:37 | INFO | Checklist final status: 26 analyzed, 0 failed, 0 marked
2026-08-03 14:02:37 | INFO | Workers: 5
2026-08-03 14:02:37 | INFO | ================================================================================
2026-08-03 14:02:37 | INFO | Session state: ANALYZING → TEMPLATING
2026-08-03T14:02:53.442Z | INFO | Consolidating fingerprints from page catalogs...
2026-08-03T14:02:53.558Z | INFO | consolidate-fingerprints - Consolidated 26 fingerprints
2026-08-03 14:03:57 | INFO | Agent 3 Complete - 6 templates finalized
2026-08-03 14:04:08 | INFO | Agent 4 Started - Catalog blocks with similarity
2026-08-03 14:04:08 | INFO | Agent 4 Progress - Starting representative pass with 7 page(s) and 31 block occurrence(s)
2026-08-03 14:04:08 | INFO | Agent 4 Progress - representative: 7/7 page(s), 31/31 block occurrence(s), 20 unique signatures, 22 variants (20 new, 11 reused)
2026-08-03 14:04:08 | INFO | Agent 4 Progress - Starting backfill pass with 19 page(s) and 70 block occurrence(s)
2026-08-03 14:04:08 | INFO | Agent 4 Progress - backfill: 19/19 page(s), 70/70 block occurrence(s), 28 unique signatures, 30 variants (28 new, 73 reused)
2026-08-03 14:04:13 | INFO | Agent 4 Completed - Cataloged 30 block variants (28 new, 73 reused)
2026-08-03 14:04:14 | INFO | Agent 4 block rollup done
2026-08-03 14:04:18 | INFO | Agent 2 Started - Generate summary.json
2026-08-03 14:04:19 | INFO | Session state set to INACTIVE
2026-08-03 14:04:19 | INFO | Agent 2 Completed - Summary generated successfully
